2025-09-27 09:55:53.160 | INFO     | __main__:start:58 - 正在启动人脸识别MQTT服务...
2025-09-27 09:55:53.161 | INFO     | face_recognizer:setup_models:23 - OpenCV版本: 4.5.5
2025-09-27 09:55:53.161 | INFO     | face_recognizer:setup_models:49 - 尝试加载模型文件: models\haarcascade_frontalface_default.xml
2025-09-27 09:55:53.162 | ERROR    | face_recognizer:setup_models:75 - 模型初始化失败: <class 'cv2.CascadeClassifier'> returned a result with an error set
2025-09-27 09:55:53.162 | INFO     | face_recognizer:log_opencv_info:83 - === OpenCV环境信息 ===
2025-09-27 09:55:53.162 | INFO     | face_recognizer:log_opencv_info:84 - OpenCV版本: 4.5.5
2025-09-27 09:55:53.162 | INFO     | face_recognizer:log_opencv_info:85 - 构建信息: 
General configuration for OpenCV 4.5.5 =====================================
  Version control:               4.5.5

  Platform:
    Timestamp:                   2022-03-04T06:38:08Z
    Host:                        Windows 10.0.17763 AMD64
    CMake:                       3.22.2
    CMake generator:             Visual Studio 14 2015
    CMake build tool:            MSBuild.exe
    MSVC:                        1900
    Configuration:               Debug Release

  CPU/HW features:
    Baseline:                    SSE SSE2 SSE3
      requested:                 SSE3
    Dispatched code generation:  SSE4_1 SSE4_2 FP16 AVX AVX2
      requested:                 SSE4_1 SSE4_2 AVX FP16 AVX2 AVX512_SKX
      SSE4_1 (16 files):         + SSSE3 SSE4_1
      SSE4_2 (1 files):          + SSSE3 SSE4_1 POPCNT SSE4_2
      FP16 (0 files):            + SSSE3 SSE4_1 POPCNT SSE4_2 FP16 AVX
      AVX (4 files):             + SSSE3 SSE4_1 POPCNT SSE4_2 AVX
      AVX2 (31 files):           + SSSE3 SSE4_1 POPCNT SSE4_2 FP16 FMA3 AVX AVX2

  C/C++:
    Built as dynamic libs?:      NO
    C++ standard:                11
    C++ Compiler:                C:/Program Files (x86)/Microsoft Visual Studio 14.0/VC/bin/x86_amd64/cl.exe  (ver 19.0.24245.0)
    C++ flags (Release):         /DWIN32 /D_WINDOWS /W4 /GR  /D _CRT_SECURE_NO_DEPRECATE /D _CRT_NONSTDC_NO_DEPRECATE /D _SCL_SECURE_NO_WARNINGS /Gy /bigobj /Oi  /fp:precise     /EHa /wd4127 /wd4251 /wd4324 /wd4275 /wd4512 /wd4589 /MP  /MT /O2 /Ob2 /DNDEBUG 
    C++ flags (Debug):           /DWIN32 /D_WINDOWS /W4 /GR  /D _CRT_SECURE_NO_DEPRECATE /D _CRT_NONSTDC_NO_DEPRECATE /D _SCL_SECURE_NO_WARNINGS /Gy /bigobj /Oi  /fp:precise     /EHa /wd4127 /wd4251 /wd4324 /wd4275 /wd4512 /wd4589 /MP  /MTd /Zi /Ob0 /Od /RTC1 
    C Compiler:                  C:/Program Files (x86)/Microsoft Visual Studio 14.0/VC/bin/x86_amd64/cl.exe
    C flags (Release):           /DWIN32 /D_WINDOWS /W3  /D _CRT_SECURE_NO_DEPRECATE /D _CRT_NONSTDC_NO_DEPRECATE /D _SCL_SECURE_NO_WARNINGS /Gy /bigobj /Oi  /fp:precise     /MP   /MT /O2 /Ob2 /DNDEBUG 
    C flags (Debug):             /DWIN32 /D_WINDOWS /W3  /D _CRT_SECURE_NO_DEPRECATE /D _CRT_NONSTDC_NO_DEPRECATE /D _SCL_SECURE_NO_WARNINGS /Gy /bigobj /Oi  /fp:precise     /MP /MTd /Zi /Ob0 /Od /RTC1 
    Linker flags (Release):      /machine:x64  /NODEFAULTLIB:atlthunk.lib /INCREMENTAL:NO  /NODEFAULTLIB:libcmtd.lib /NODEFAULTLIB:libcpmtd.lib /NODEFAULTLIB:msvcrtd.lib
    Linker flags (Debug):        /machine:x64  /NODEFAULTLIB:atlthunk.lib /debug /INCREMENTAL  /NODEFAULTLIB:libcmt.lib /NODEFAULTLIB:libcpmt.lib /NODEFAULTLIB:msvcrt.lib
    ccache:                      NO
    Precompiled headers:         YES
    Extra dependencies:          wsock32 comctl32 gdi32 ole32 setupapi ws2_32
    3rdparty dependencies:       libprotobuf ade ittnotify libjpeg-turbo libwebp libpng libtiff libopenjp2 IlmImf zlib quirc ippiw ippicv

  OpenCV modules:
    To be built:                 calib3d core dnn features2d flann gapi highgui imgcodecs imgproc ml objdetect photo python3 stitching video videoio
    Disabled:                    world
    Disabled by dependency:      -
    Unavailable:                 java python2 ts
    Applications:                -
    Documentation:               NO
    Non-free algorithms:         NO

  Windows RT support:            NO

  GUI:                           WIN32UI
    Win32 UI:                    YES
    VTK support:                 NO

  Media I/O: 
    ZLib:                        build (ver 1.2.11)
    JPEG:                        build-libjpeg-turbo (ver 2.1.2-62)
    WEBP:                        build (ver encoder: 0x020f)
    PNG:                         build (ver 1.6.37)
    TIFF:                        build (ver 42 - 4.2.0)
    JPEG 2000:                   build (ver 2.4.0)
    OpenEXR:                     build (ver 2.3.0)
    HDR:                         YES
    SUNRASTER:                   YES
    PXM:                         YES
    PFM:                         YES

  Video I/O:
    DC1394:                      NO
    FFMPEG:                      YES (prebuilt binaries)
      avcodec:                   YES (58.134.100)
      avformat:                  YES (58.76.100)
      avutil:                    YES (56.70.100)
      swscale:                   YES (5.9.100)
      avresample:                YES (4.0.0)
    GStreamer:                   NO
    DirectShow:                  YES
    Media Foundation:            YES
      DXVA:                      YES

  Parallel framework:            Concurrency

  Trace:                         YES (with Intel ITT)

  Other third-party libraries:
    Intel IPP:                   2020.0.0 Gold [2020.0.0]
           at:                   D:/a/opencv-python/opencv-python/_skbuild/win-amd64-3.6/cmake-build/3rdparty/ippicv/ippicv_win/icv
    Intel IPP IW:                sources (2020.0.0)
              at:                D:/a/opencv-python/opencv-python/_skbuild/win-amd64-3.6/cmake-build/3rdparty/ippicv/ippicv_win/iw
    Lapack:                      NO
    Eigen:                       NO
    Custom HAL:                  NO
    Protobuf:                    build (3.19.1)

  OpenCL:                        YES (NVD3D11)
    Include path:                D:/a/opencv-python/opencv-python/opencv/3rdparty/include/opencl/1.2
    Link libraries:              Dynamic load

  Python 3:
    Interpreter:                 C:/hostedtoolcache/windows/Python/3.6.8/x64/python.exe (ver 3.6.8)
    Libraries:                   C:/hostedtoolcache/windows/Python/3.6.8/x64/libs/python36.lib (ver 3.6.8)
    numpy:                       C:/hostedtoolcache/windows/Python/3.6.8/x64/lib/site-packages/numpy/core/include (ver 1.13.3)
    install path:                python/cv2/python-3

  Python (for build):            C:/hostedtoolcache/windows/Python/2.7.18/x64/python.exe

  Java:                          
    ant:                         NO
    JNI:                         C:/hostedtoolcache/windows/Java_Temurin-Hotspot_jdk/8.0.322-6/x64/include C:/hostedtoolcache/windows/Java_Temurin-Hotspot_jdk/8.0.322-6/x64/include/win32 C:/hostedtoolcache/windows/Java_Temurin-Hotspot_jdk/8.0.322-6/x64/include
    Java wrappers:               NO
    Java tests:                  NO

  Install to:                    D:/a/opencv-python/opencv-python/_skbuild/win-amd64-3.6/cmake-install
-----------------------------------------------------------------


2025-09-27 09:55:53.164 | INFO     | face_recognizer:log_opencv_info:86 - 数据路径: C:\Users\86180\AppData\Local\Programs\Python\Python39\lib\site-packages\cv2\data\
2025-09-27 09:55:53.165 | INFO     | face_recognizer:log_opencv_info:92 - 找到 17 个XML模型文件
2025-09-27 09:55:53.165 | INFO     | face_recognizer:log_opencv_info:94 -   - haarcascade_eye.xml
2025-09-27 09:55:53.165 | INFO     | face_recognizer:log_opencv_info:94 -   - haarcascade_eye_tree_eyeglasses.xml
2025-09-27 09:55:53.166 | INFO     | face_recognizer:log_opencv_info:94 -   - haarcascade_frontalcatface.xml
2025-09-27 09:55:53.166 | INFO     | face_recognizer:log_opencv_info:94 -   - haarcascade_frontalcatface_extended.xml
2025-09-27 09:55:53.167 | INFO     | face_recognizer:log_opencv_info:94 -   - haarcascade_frontalface_alt.xml
2025-09-27 09:55:53.167 | ERROR    | __main__:start:84 - 服务运行错误: <class 'cv2.CascadeClassifier'> returned a result with an error set
2025-09-27 09:55:53.168 | INFO     | __main__:stop:93 - 服务已停止
